6e9271c6-a192-449c-b4e2-5d344cc1efbf
# Generated by build-rootfs.sh; do not edit in the image.
BASEOS=1
BASEOS_PLATFORM=h700
BASEOS_VERSION=1.3.0
BASEOS_BUILD=v1.2.0-8-g76c727e-dirty
BASEOS_TARGET=rgsp
BASEOS_DEVICE=rgsp
BASEOS_MODEL="RG SP"
BASEOS_MODEL_STRING=RGSP
BASEOS_PANEL_ROTATION_CCW=0
BASEOS_WIFI=1
BASEOS_BLUETOOTH=1
earlyprintk=sunxi-uart,0x05000000 initcall_debug=0 console=ttyS0,115200 loglevel=4 root=/dev/mmcblk0p5 rootwait quiet splash init=/init partitions=special@mmcblk0p1:boot-resource@mmcblk0p2:env@mmcblk0p3:boot@mmcblk0p4:rootfs@mmcblk0p5:UDISK@mmcblk0p6:primary@mmcblk0p7 cma=64M snum=ac001089c89588720d2 mac_addr= wifi_mac= bt_mac= selinux=0 specialstr= gpt=1 androidboot.mode=normal androidboot.serialno=ac001089c89588720d2 androidboot.hardware=sun50iw9p1 boot_type=1 androidboot.boot_type=1 androidboot.secure_os_exist=0 gpt=1 uboot_message=2018.05(06/24/2026-19:09:39) disp_reserve=1382400,0x7bf24800 bootreason=unknow lcd_type=old
2.40 3.774 2.405 6.179
2.40
1566
d42252f30730d35ca7759a651da7260ba482144130e58f05f23ea5e33270a6f5  /dev/mmcblk0p4
39506a256c52690623b94631d02f997685b6efe9eed12e195116455353f76e2e  /usr/sbin/boot-clock
e862a01c0cd21f3ee98b9fede590457c7a2764cac9fd546f8f30db9ce959d728  /usr/sbin/frontend-session
957929afa2879e18ff758d93eafa98879b21aec70dedcb731d7862a2c20f075c  /tmp/baseos-final-package
   17686536
 41 52 4d 64
2.40 BaseOS boot stages: pre-kernel 3.774 s; post-kernel 2.405 s; combined 6.179 s (counter origin to frontend handoff; raw clock)
