36+0 records in
36+0 records out
37748736 bytes (36.0MB) copied, 1.701374 seconds, 21.2MB/s
64+0 records in
64+0 records out
67108864 bytes (64.0MB) copied, 3.130057 seconds, 20.4MB/s
4806+0 records in
4806+0 records out
9842688 bytes (9.4MB) copied, 1.905045 seconds, 4.9MB/s
2560+0 records in
2560+0 records out
1310720 bytes (1.3MB) copied, 0.087887 seconds, 14.2MB/s
36+0 records in
36+0 records out
37748736 bytes (36.0MB) copied, 1.768842 seconds, 20.4MB/s
64+0 records in
64+0 records out
67108864 bytes (64.0MB) copied, 3.133114 seconds, 20.4MB/s
Gzip boot pair installed; full boot region, full boot partition and environment verified.
The device has NOT been rebooted. The next boot is the first hardware boot test.
